// Jest Snapshot v1, https://goo.gl/fbAQLP

exports[`MessageCard should render correctly 1`] = `
<div
  className="message-card"
  style={
    Object {
      "backgroundColor": "#951403",
    }
  }
>
  <div />
  <p
    className="message"
  >
    Test message
  </p>
  <div
    className="head"
  >
    <div
      className="username"
    >
      Autor desconhecido
    </div>
  </div>
</div>
`;
